{
    "14.txt": "fakemail.io",
    "e8.txt": "dollstore.org",
    "1e.txt": "spam4.me",
    "0b.txt": "randomail.io",
    "a1.txt": "sharklasers.com",
    "c9.txt": "guerrillamail.de",
    "a0.txt": "pokemail.net",
    "a8.txt": "donebyngle.com",
    "9b.txt": "dissloo.com",
    "94.txt": "freeinbox.cyou",
    "9c.txt": "dropsin.net",
    "4d.txt": "doojazz.com\nilydeen.org\ndisposeamail.com\noxyemail.com",
    "ba.txt": "grr.la",
    "54.txt": "mytrashmailer.com",
    "8d.txt": "guerrillamail.info",
    "cd.txt": "guerrillamail.org",
    "c2.txt": "guerrillamail.com",
    "86.txt": "guerrillamail.biz",
    "92.txt": "trashmail.ws",
    "c7.txt": "guerrillamailblock.com",
    "b3.txt": "guerrillamail.net",
    "c4.txt": "doitups.com",
    "d4.txt": "fillallin.com",
    "24.txt": "whoisox.com"
}
